
         /\      Grafana   /‾‾/  
    /\  /  \     |\  __   /  /   
   /  \/    \    | |/ /  /   ‾‾\ 
  /          \   |   (  |  (‾)  |
 / __________ \  |_|\_\  \_____/ 


     execution: local
        script: experiments/k6/product-detail.js
        output: json (results/local/q3-publish2/runs/2-BA-cache-on.raw.json)

     scenarios: (100.00%) 1 scenario, 100 max VUs, 1m30s max duration (incl. graceful stop):
              * measured: 20.00 iterations/s for 1m0s (maxVUs: 20-100, gracefulStop: 30s)


running (0m01.0s), 000/020 VUs, 20 complete and 0 interrupted iterations
measured   [   2% ] 000/020 VUs  0m01.0s/1m0s  20.00 iters/s

running (0m02.0s), 000/020 VUs, 40 complete and 0 interrupted iterations
measured   [   3% ] 000/020 VUs  0m02.0s/1m0s  20.00 iters/s

running (0m03.0s), 000/020 VUs, 60 complete and 0 interrupted iterations
measured   [   5% ] 000/020 VUs  0m03.0s/1m0s  20.00 iters/s

running (0m04.0s), 000/020 VUs, 80 complete and 0 interrupted iterations
measured   [   7% ] 000/020 VUs  0m04.0s/1m0s  20.00 iters/s

running (0m05.0s), 000/020 VUs, 100 complete and 0 interrupted iterations
measured   [   8% ] 000/020 VUs  0m05.0s/1m0s  20.00 iters/s

running (0m06.0s), 000/020 VUs, 120 complete and 0 interrupted iterations
measured   [  10% ] 000/020 VUs  0m06.0s/1m0s  20.00 iters/s

running (0m07.0s), 000/020 VUs, 140 complete and 0 interrupted iterations
measured   [  12% ] 000/020 VUs  0m07.0s/1m0s  20.00 iters/s

running (0m08.0s), 000/020 VUs, 160 complete and 0 interrupted iterations
measured   [  13% ] 000/020 VUs  0m08.0s/1m0s  20.00 iters/s

running (0m09.0s), 000/020 VUs, 180 complete and 0 interrupted iterations
measured   [  15% ] 000/020 VUs  0m09.0s/1m0s  20.00 iters/s

running (0m10.0s), 001/020 VUs, 199 complete and 0 interrupted iterations
measured   [  17% ] 001/020 VUs  0m10.0s/1m0s  20.00 iters/s

running (0m11.0s), 001/020 VUs, 219 complete and 0 interrupted iterations
measured   [  18% ] 001/020 VUs  0m11.0s/1m0s  20.00 iters/s

running (0m12.0s), 001/020 VUs, 239 complete and 0 interrupted iterations
measured   [  20% ] 001/020 VUs  0m12.0s/1m0s  20.00 iters/s

running (0m13.0s), 001/020 VUs, 259 complete and 0 interrupted iterations
measured   [  22% ] 001/020 VUs  0m13.0s/1m0s  20.00 iters/s

running (0m14.0s), 001/020 VUs, 279 complete and 0 interrupted iterations
measured   [  23% ] 001/020 VUs  0m14.0s/1m0s  20.00 iters/s

running (0m15.0s), 001/020 VUs, 299 complete and 0 interrupted iterations
measured   [  25% ] 001/020 VUs  0m15.0s/1m0s  20.00 iters/s

running (0m16.0s), 001/020 VUs, 319 complete and 0 interrupted iterations
measured   [  27% ] 001/020 VUs  0m16.0s/1m0s  20.00 iters/s

running (0m17.0s), 001/020 VUs, 339 complete and 0 interrupted iterations
measured   [  28% ] 001/020 VUs  0m17.0s/1m0s  20.00 iters/s

running (0m18.0s), 001/020 VUs, 359 complete and 0 interrupted iterations
measured   [  30% ] 001/020 VUs  0m18.0s/1m0s  20.00 iters/s

running (0m19.0s), 001/020 VUs, 379 complete and 0 interrupted iterations
measured   [  32% ] 001/020 VUs  0m19.0s/1m0s  20.00 iters/s

running (0m20.0s), 001/020 VUs, 399 complete and 0 interrupted iterations
measured   [  33% ] 001/020 VUs  0m20.0s/1m0s  20.00 iters/s

running (0m21.0s), 001/020 VUs, 419 complete and 0 interrupted iterations
measured   [  35% ] 001/020 VUs  0m21.0s/1m0s  20.00 iters/s

running (0m22.0s), 001/020 VUs, 439 complete and 0 interrupted iterations
measured   [  37% ] 001/020 VUs  0m22.0s/1m0s  20.00 iters/s

running (0m23.0s), 001/020 VUs, 459 complete and 0 interrupted iterations
measured   [  38% ] 001/020 VUs  0m23.0s/1m0s  20.00 iters/s

running (0m24.0s), 001/020 VUs, 479 complete and 0 interrupted iterations
measured   [  40% ] 001/020 VUs  0m24.0s/1m0s  20.00 iters/s

running (0m25.0s), 001/020 VUs, 499 complete and 0 interrupted iterations
measured   [  42% ] 001/020 VUs  0m25.0s/1m0s  20.00 iters/s

running (0m26.0s), 001/020 VUs, 519 complete and 0 interrupted iterations
measured   [  43% ] 001/020 VUs  0m26.0s/1m0s  20.00 iters/s

running (0m27.0s), 001/020 VUs, 539 complete and 0 interrupted iterations
measured   [  45% ] 001/020 VUs  0m27.0s/1m0s  20.00 iters/s

running (0m28.0s), 001/020 VUs, 559 complete and 0 interrupted iterations
measured   [  47% ] 001/020 VUs  0m28.0s/1m0s  20.00 iters/s

running (0m29.0s), 001/020 VUs, 579 complete and 0 interrupted iterations
measured   [  48% ] 001/020 VUs  0m29.0s/1m0s  20.00 iters/s

running (0m30.0s), 001/020 VUs, 599 complete and 0 interrupted iterations
measured   [  50% ] 001/020 VUs  0m30.0s/1m0s  20.00 iters/s

running (0m31.0s), 001/020 VUs, 619 complete and 0 interrupted iterations
measured   [  52% ] 001/020 VUs  0m31.0s/1m0s  20.00 iters/s

running (0m32.0s), 001/020 VUs, 639 complete and 0 interrupted iterations
measured   [  53% ] 001/020 VUs  0m32.0s/1m0s  20.00 iters/s

running (0m33.0s), 001/020 VUs, 659 complete and 0 interrupted iterations
measured   [  55% ] 001/020 VUs  0m33.0s/1m0s  20.00 iters/s

running (0m34.0s), 001/020 VUs, 679 complete and 0 interrupted iterations
measured   [  57% ] 001/020 VUs  0m34.0s/1m0s  20.00 iters/s

running (0m35.0s), 001/020 VUs, 699 complete and 0 interrupted iterations
measured   [  58% ] 001/020 VUs  0m35.0s/1m0s  20.00 iters/s

running (0m36.0s), 001/020 VUs, 719 complete and 0 interrupted iterations
measured   [  60% ] 001/020 VUs  0m36.0s/1m0s  20.00 iters/s

running (0m37.0s), 001/020 VUs, 739 complete and 0 interrupted iterations
measured   [  62% ] 001/020 VUs  0m37.0s/1m0s  20.00 iters/s

running (0m38.0s), 001/020 VUs, 759 complete and 0 interrupted iterations
measured   [  63% ] 001/020 VUs  0m38.0s/1m0s  20.00 iters/s

running (0m39.0s), 001/020 VUs, 779 complete and 0 interrupted iterations
measured   [  65% ] 001/020 VUs  0m39.0s/1m0s  20.00 iters/s

running (0m40.0s), 001/020 VUs, 799 complete and 0 interrupted iterations
measured   [  67% ] 001/020 VUs  0m40.0s/1m0s  20.00 iters/s

running (0m41.0s), 001/020 VUs, 819 complete and 0 interrupted iterations
measured   [  68% ] 001/020 VUs  0m41.0s/1m0s  20.00 iters/s

running (0m42.0s), 001/020 VUs, 839 complete and 0 interrupted iterations
measured   [  70% ] 001/020 VUs  0m42.0s/1m0s  20.00 iters/s

running (0m43.0s), 001/020 VUs, 859 complete and 0 interrupted iterations
measured   [  72% ] 001/020 VUs  0m43.0s/1m0s  20.00 iters/s

running (0m44.0s), 001/020 VUs, 879 complete and 0 interrupted iterations
measured   [  73% ] 001/020 VUs  0m44.0s/1m0s  20.00 iters/s

running (0m45.0s), 001/020 VUs, 899 complete and 0 interrupted iterations
measured   [  75% ] 001/020 VUs  0m45.0s/1m0s  20.00 iters/s

running (0m46.0s), 001/020 VUs, 919 complete and 0 interrupted iterations
measured   [  77% ] 001/020 VUs  0m46.0s/1m0s  20.00 iters/s

running (0m47.0s), 001/020 VUs, 939 complete and 0 interrupted iterations
measured   [  78% ] 001/020 VUs  0m47.0s/1m0s  20.00 iters/s

running (0m48.0s), 001/020 VUs, 959 complete and 0 interrupted iterations
measured   [  80% ] 001/020 VUs  0m48.0s/1m0s  20.00 iters/s

running (0m49.0s), 001/020 VUs, 979 complete and 0 interrupted iterations
measured   [  82% ] 001/020 VUs  0m49.0s/1m0s  20.00 iters/s

running (0m50.0s), 001/020 VUs, 999 complete and 0 interrupted iterations
measured   [  83% ] 001/020 VUs  0m50.0s/1m0s  20.00 iters/s

running (0m51.0s), 001/020 VUs, 1019 complete and 0 interrupted iterations
measured   [  85% ] 001/020 VUs  0m51.0s/1m0s  20.00 iters/s

running (0m52.0s), 001/020 VUs, 1039 complete and 0 interrupted iterations
measured   [  87% ] 001/020 VUs  0m52.0s/1m0s  20.00 iters/s

running (0m53.0s), 001/020 VUs, 1059 complete and 0 interrupted iterations
measured   [  88% ] 001/020 VUs  0m53.0s/1m0s  20.00 iters/s

running (0m54.0s), 001/020 VUs, 1079 complete and 0 interrupted iterations
measured   [  90% ] 001/020 VUs  0m54.0s/1m0s  20.00 iters/s

running (0m55.0s), 001/020 VUs, 1099 complete and 0 interrupted iterations
measured   [  92% ] 001/020 VUs  0m55.0s/1m0s  20.00 iters/s

running (0m56.0s), 001/020 VUs, 1119 complete and 0 interrupted iterations
measured   [  93% ] 001/020 VUs  0m56.0s/1m0s  20.00 iters/s

running (0m57.0s), 001/020 VUs, 1139 complete and 0 interrupted iterations
measured   [  95% ] 001/020 VUs  0m57.0s/1m0s  20.00 iters/s

running (0m58.0s), 001/020 VUs, 1159 complete and 0 interrupted iterations
measured   [  97% ] 001/020 VUs  0m58.0s/1m0s  20.00 iters/s

running (0m59.0s), 001/020 VUs, 1179 complete and 0 interrupted iterations
measured   [  98% ] 001/020 VUs  0m59.0s/1m0s  20.00 iters/s

running (1m00.0s), 000/020 VUs, 1200 complete and 0 interrupted iterations
measured   [ 100% ] 000/020 VUs  1m00.0s/1m0s  20.00 iters/s
cache-on rep 2 (BA): 1201 requests, med 3.66 ms, p95 7.50 ms, 0 failed checks, 0 dropped iterations

running (1m00.0s), 000/020 VUs, 1201 complete and 0 interrupted iterations
measured ✓ [ 100% ] 000/020 VUs  1m0s  20.00 iters/s
