
         /\      Grafana   /‾‾/  
    /\  /  \     |\  __   /  /   
   /  \/    \    | |/ /  /   ‾‾\ 
  /          \   |   (  |  (‾)  |
 / __________ \  |_|\_\  \_____/ 


     execution: local
        script: experiments/k6/product-detail.js
        output: json (results/local/q3-closure/runs/2-BA-cache-off.raw.json)

     scenarios: (100.00%) 1 scenario, 100 max VUs, 1m30s max duration (incl. graceful stop):
              * measured: 20.00 iterations/s for 1m0s (maxVUs: 20-100, gracefulStop: 30s)


running (0m00.9s), 000/020 VUs, 19 complete and 0 interrupted iterations
measured   [   2% ] 000/020 VUs  0m00.9s/1m0s  20.00 iters/s

running (0m01.9s), 000/020 VUs, 39 complete and 0 interrupted iterations
measured   [   3% ] 000/020 VUs  0m01.9s/1m0s  20.00 iters/s

running (0m02.9s), 000/020 VUs, 59 complete and 0 interrupted iterations
measured   [   5% ] 000/020 VUs  0m02.9s/1m0s  20.00 iters/s

running (0m03.9s), 000/020 VUs, 79 complete and 0 interrupted iterations
measured   [   7% ] 000/020 VUs  0m03.9s/1m0s  20.00 iters/s

running (0m04.9s), 000/020 VUs, 99 complete and 0 interrupted iterations
measured   [   8% ] 000/020 VUs  0m04.9s/1m0s  20.00 iters/s

running (0m05.9s), 000/020 VUs, 119 complete and 0 interrupted iterations
measured   [  10% ] 000/020 VUs  0m05.9s/1m0s  20.00 iters/s

running (0m06.9s), 000/020 VUs, 139 complete and 0 interrupted iterations
measured   [  12% ] 000/020 VUs  0m06.9s/1m0s  20.00 iters/s

running (0m07.9s), 001/020 VUs, 158 complete and 0 interrupted iterations
measured   [  13% ] 001/020 VUs  0m07.9s/1m0s  20.00 iters/s

running (0m08.9s), 000/020 VUs, 179 complete and 0 interrupted iterations
measured   [  15% ] 000/020 VUs  0m08.9s/1m0s  20.00 iters/s

running (0m09.9s), 000/020 VUs, 199 complete and 0 interrupted iterations
measured   [  17% ] 000/020 VUs  0m09.9s/1m0s  20.00 iters/s

running (0m10.9s), 000/020 VUs, 219 complete and 0 interrupted iterations
measured   [  18% ] 000/020 VUs  0m10.9s/1m0s  20.00 iters/s

running (0m11.9s), 000/020 VUs, 239 complete and 0 interrupted iterations
measured   [  20% ] 000/020 VUs  0m11.9s/1m0s  20.00 iters/s

running (0m12.9s), 000/020 VUs, 259 complete and 0 interrupted iterations
measured   [  22% ] 000/020 VUs  0m12.9s/1m0s  20.00 iters/s

running (0m13.9s), 000/020 VUs, 279 complete and 0 interrupted iterations
measured   [  23% ] 000/020 VUs  0m13.9s/1m0s  20.00 iters/s

running (0m14.9s), 000/020 VUs, 299 complete and 0 interrupted iterations
measured   [  25% ] 000/020 VUs  0m14.9s/1m0s  20.00 iters/s

running (0m15.9s), 000/020 VUs, 319 complete and 0 interrupted iterations
measured   [  27% ] 000/020 VUs  0m15.9s/1m0s  20.00 iters/s

running (0m16.9s), 000/020 VUs, 339 complete and 0 interrupted iterations
measured   [  28% ] 000/020 VUs  0m16.9s/1m0s  20.00 iters/s

running (0m17.9s), 000/020 VUs, 359 complete and 0 interrupted iterations
measured   [  30% ] 000/020 VUs  0m17.9s/1m0s  20.00 iters/s

running (0m18.9s), 000/020 VUs, 379 complete and 0 interrupted iterations
measured   [  32% ] 000/020 VUs  0m18.9s/1m0s  20.00 iters/s

running (0m19.9s), 000/020 VUs, 399 complete and 0 interrupted iterations
measured   [  33% ] 000/020 VUs  0m19.9s/1m0s  20.00 iters/s

running (0m20.9s), 000/020 VUs, 419 complete and 0 interrupted iterations
measured   [  35% ] 000/020 VUs  0m20.9s/1m0s  20.00 iters/s

running (0m21.9s), 000/020 VUs, 439 complete and 0 interrupted iterations
measured   [  37% ] 000/020 VUs  0m21.9s/1m0s  20.00 iters/s

running (0m22.9s), 000/020 VUs, 459 complete and 0 interrupted iterations
measured   [  38% ] 000/020 VUs  0m22.9s/1m0s  20.00 iters/s

running (0m23.9s), 000/020 VUs, 479 complete and 0 interrupted iterations
measured   [  40% ] 000/020 VUs  0m23.9s/1m0s  20.00 iters/s

running (0m24.9s), 000/020 VUs, 499 complete and 0 interrupted iterations
measured   [  42% ] 000/020 VUs  0m24.9s/1m0s  20.00 iters/s

running (0m25.9s), 000/020 VUs, 519 complete and 0 interrupted iterations
measured   [  43% ] 000/020 VUs  0m25.9s/1m0s  20.00 iters/s

running (0m26.9s), 000/020 VUs, 539 complete and 0 interrupted iterations
measured   [  45% ] 000/020 VUs  0m26.9s/1m0s  20.00 iters/s

running (0m27.9s), 000/020 VUs, 559 complete and 0 interrupted iterations
measured   [  47% ] 000/020 VUs  0m27.9s/1m0s  20.00 iters/s

running (0m28.9s), 000/020 VUs, 579 complete and 0 interrupted iterations
measured   [  48% ] 000/020 VUs  0m28.9s/1m0s  20.00 iters/s

running (0m29.9s), 000/020 VUs, 599 complete and 0 interrupted iterations
measured   [  50% ] 000/020 VUs  0m29.9s/1m0s  20.00 iters/s

running (0m30.9s), 000/020 VUs, 619 complete and 0 interrupted iterations
measured   [  52% ] 000/020 VUs  0m30.9s/1m0s  20.00 iters/s

running (0m31.9s), 000/020 VUs, 639 complete and 0 interrupted iterations
measured   [  53% ] 000/020 VUs  0m31.9s/1m0s  20.00 iters/s

running (0m32.9s), 000/020 VUs, 659 complete and 0 interrupted iterations
measured   [  55% ] 000/020 VUs  0m32.9s/1m0s  20.00 iters/s

running (0m33.9s), 000/020 VUs, 679 complete and 0 interrupted iterations
measured   [  57% ] 000/020 VUs  0m33.9s/1m0s  20.00 iters/s

running (0m34.9s), 000/020 VUs, 699 complete and 0 interrupted iterations
measured   [  58% ] 000/020 VUs  0m34.9s/1m0s  20.00 iters/s

running (0m35.9s), 000/020 VUs, 719 complete and 0 interrupted iterations
measured   [  60% ] 000/020 VUs  0m35.9s/1m0s  20.00 iters/s

running (0m36.9s), 000/020 VUs, 739 complete and 0 interrupted iterations
measured   [  62% ] 000/020 VUs  0m36.9s/1m0s  20.00 iters/s

running (0m37.9s), 000/020 VUs, 759 complete and 0 interrupted iterations
measured   [  63% ] 000/020 VUs  0m37.9s/1m0s  20.00 iters/s

running (0m38.9s), 000/020 VUs, 779 complete and 0 interrupted iterations
measured   [  65% ] 000/020 VUs  0m38.9s/1m0s  20.00 iters/s

running (0m39.9s), 000/020 VUs, 799 complete and 0 interrupted iterations
measured   [  67% ] 000/020 VUs  0m39.9s/1m0s  20.00 iters/s

running (0m40.9s), 000/020 VUs, 819 complete and 0 interrupted iterations
measured   [  68% ] 000/020 VUs  0m40.9s/1m0s  20.00 iters/s

running (0m41.9s), 000/020 VUs, 839 complete and 0 interrupted iterations
measured   [  70% ] 000/020 VUs  0m41.9s/1m0s  20.00 iters/s

running (0m42.9s), 000/020 VUs, 859 complete and 0 interrupted iterations
measured   [  72% ] 000/020 VUs  0m42.9s/1m0s  20.00 iters/s

running (0m43.9s), 001/020 VUs, 878 complete and 0 interrupted iterations
measured   [  73% ] 001/020 VUs  0m43.9s/1m0s  20.00 iters/s

running (0m44.9s), 000/020 VUs, 899 complete and 0 interrupted iterations
measured   [  75% ] 000/020 VUs  0m44.9s/1m0s  20.00 iters/s

running (0m45.9s), 000/020 VUs, 919 complete and 0 interrupted iterations
measured   [  77% ] 000/020 VUs  0m45.9s/1m0s  20.00 iters/s

running (0m46.9s), 000/020 VUs, 939 complete and 0 interrupted iterations
measured   [  78% ] 000/020 VUs  0m46.9s/1m0s  20.00 iters/s

running (0m47.9s), 000/020 VUs, 959 complete and 0 interrupted iterations
measured   [  80% ] 000/020 VUs  0m47.9s/1m0s  20.00 iters/s

running (0m48.9s), 000/020 VUs, 979 complete and 0 interrupted iterations
measured   [  82% ] 000/020 VUs  0m48.9s/1m0s  20.00 iters/s

running (0m49.9s), 000/020 VUs, 999 complete and 0 interrupted iterations
measured   [  83% ] 000/020 VUs  0m49.9s/1m0s  20.00 iters/s

running (0m50.9s), 000/020 VUs, 1019 complete and 0 interrupted iterations
measured   [  85% ] 000/020 VUs  0m50.9s/1m0s  20.00 iters/s

running (0m51.9s), 000/020 VUs, 1039 complete and 0 interrupted iterations
measured   [  87% ] 000/020 VUs  0m51.9s/1m0s  20.00 iters/s

running (0m52.9s), 000/020 VUs, 1059 complete and 0 interrupted iterations
measured   [  88% ] 000/020 VUs  0m52.9s/1m0s  20.00 iters/s

running (0m53.9s), 000/020 VUs, 1079 complete and 0 interrupted iterations
measured   [  90% ] 000/020 VUs  0m53.9s/1m0s  20.00 iters/s

running (0m54.9s), 000/020 VUs, 1099 complete and 0 interrupted iterations
measured   [  92% ] 000/020 VUs  0m54.9s/1m0s  20.00 iters/s

running (0m55.9s), 000/020 VUs, 1119 complete and 0 interrupted iterations
measured   [  93% ] 000/020 VUs  0m55.9s/1m0s  20.00 iters/s

running (0m56.9s), 000/020 VUs, 1139 complete and 0 interrupted iterations
measured   [  95% ] 000/020 VUs  0m56.9s/1m0s  20.00 iters/s

running (0m57.9s), 000/020 VUs, 1159 complete and 0 interrupted iterations
measured   [  97% ] 000/020 VUs  0m57.9s/1m0s  20.00 iters/s

running (0m58.9s), 000/020 VUs, 1179 complete and 0 interrupted iterations
measured   [  98% ] 000/020 VUs  0m58.9s/1m0s  20.00 iters/s

running (0m59.9s), 000/020 VUs, 1199 complete and 0 interrupted iterations
measured   [ 100% ] 000/020 VUs  0m59.9s/1m0s  20.00 iters/s
cache-off rep 2 (BA): 1201 requests, med 2.61 ms, p95 4.71 ms, 0 failed checks, 0 dropped iterations

running (1m00.0s), 000/020 VUs, 1201 complete and 0 interrupted iterations
measured ✓ [ 100% ] 000/020 VUs  1m0s  20.00 iters/s
