
         /\      Grafana   /‾‾/  
    /\  /  \     |\  __   /  /   
   /  \/    \    | |/ /  /   ‾‾\ 
  /          \   |   (  |  (‾)  |
 / __________ \  |_|\_\  \_____/ 


     execution: local
        script: C:\Users\hiday\source\GithubRepos\dotnet-data-performance-lab\experiments\k6\product-detail.js
        output: json (C:\Users\hiday\source\GithubRepos\dotnet-data-performance-lab\results\published\20260911\q3-cache\runs\2-BA-cache-off.raw.json)

     scenarios: (100.00%) 1 scenario, 100 max VUs, 1m30s max duration (incl. graceful stop):
              * measured: 20.00 iterations/s for 1m0s (maxVUs: 20-100, gracefulStop: 30s)


running (0m00.9s), 000/020 VUs, 17 complete and 0 interrupted iterations
measured   [   1% ] 000/020 VUs  0m00.8s/1m0s  20.00 iters/s

running (0m01.9s), 000/020 VUs, 37 complete and 0 interrupted iterations
measured   [   3% ] 000/020 VUs  0m01.8s/1m0s  20.00 iters/s

running (0m02.9s), 000/020 VUs, 57 complete and 0 interrupted iterations
measured   [   5% ] 000/020 VUs  0m02.8s/1m0s  20.00 iters/s

running (0m03.9s), 000/020 VUs, 77 complete and 0 interrupted iterations
measured   [   6% ] 000/020 VUs  0m03.8s/1m0s  20.00 iters/s

running (0m04.9s), 000/020 VUs, 97 complete and 0 interrupted iterations
measured   [   8% ] 000/020 VUs  0m04.8s/1m0s  20.00 iters/s

running (0m05.9s), 000/020 VUs, 117 complete and 0 interrupted iterations
measured   [  10% ] 000/020 VUs  0m05.8s/1m0s  20.00 iters/s

running (0m06.9s), 000/020 VUs, 137 complete and 0 interrupted iterations
measured   [  11% ] 000/020 VUs  0m06.8s/1m0s  20.00 iters/s

running (0m07.9s), 000/020 VUs, 157 complete and 0 interrupted iterations
measured   [  13% ] 000/020 VUs  0m07.8s/1m0s  20.00 iters/s

running (0m08.9s), 000/020 VUs, 177 complete and 0 interrupted iterations
measured   [  15% ] 000/020 VUs  0m08.8s/1m0s  20.00 iters/s

running (0m09.9s), 000/020 VUs, 197 complete and 0 interrupted iterations
measured   [  16% ] 000/020 VUs  0m09.8s/1m0s  20.00 iters/s

running (0m10.9s), 000/020 VUs, 217 complete and 0 interrupted iterations
measured   [  18% ] 000/020 VUs  0m10.8s/1m0s  20.00 iters/s

running (0m11.9s), 000/020 VUs, 237 complete and 0 interrupted iterations
measured   [  20% ] 000/020 VUs  0m11.8s/1m0s  20.00 iters/s

running (0m12.9s), 000/020 VUs, 257 complete and 0 interrupted iterations
measured   [  21% ] 000/020 VUs  0m12.8s/1m0s  20.00 iters/s

running (0m13.9s), 000/020 VUs, 277 complete and 0 interrupted iterations
measured   [  23% ] 000/020 VUs  0m13.8s/1m0s  20.00 iters/s

running (0m14.9s), 000/020 VUs, 297 complete and 0 interrupted iterations
measured   [  25% ] 000/020 VUs  0m14.8s/1m0s  20.00 iters/s

running (0m15.9s), 000/020 VUs, 317 complete and 0 interrupted iterations
measured   [  26% ] 000/020 VUs  0m15.8s/1m0s  20.00 iters/s

running (0m16.9s), 000/020 VUs, 337 complete and 0 interrupted iterations
measured   [  28% ] 000/020 VUs  0m16.8s/1m0s  20.00 iters/s

running (0m17.9s), 000/020 VUs, 357 complete and 0 interrupted iterations
measured   [  30% ] 000/020 VUs  0m17.8s/1m0s  20.00 iters/s

running (0m18.9s), 000/020 VUs, 377 complete and 0 interrupted iterations
measured   [  31% ] 000/020 VUs  0m18.8s/1m0s  20.00 iters/s

running (0m19.9s), 000/020 VUs, 397 complete and 0 interrupted iterations
measured   [  33% ] 000/020 VUs  0m19.8s/1m0s  20.00 iters/s

running (0m20.9s), 001/020 VUs, 416 complete and 0 interrupted iterations
measured   [  35% ] 001/020 VUs  0m20.8s/1m0s  20.00 iters/s

running (0m21.9s), 000/020 VUs, 437 complete and 0 interrupted iterations
measured   [  36% ] 000/020 VUs  0m21.8s/1m0s  20.00 iters/s

running (0m22.9s), 000/020 VUs, 457 complete and 0 interrupted iterations
measured   [  38% ] 000/020 VUs  0m22.8s/1m0s  20.00 iters/s

running (0m23.9s), 000/020 VUs, 477 complete and 0 interrupted iterations
measured   [  40% ] 000/020 VUs  0m23.8s/1m0s  20.00 iters/s

running (0m24.9s), 000/020 VUs, 497 complete and 0 interrupted iterations
measured   [  41% ] 000/020 VUs  0m24.8s/1m0s  20.00 iters/s

running (0m25.9s), 000/020 VUs, 517 complete and 0 interrupted iterations
measured   [  43% ] 000/020 VUs  0m25.8s/1m0s  20.00 iters/s

running (0m26.9s), 000/020 VUs, 537 complete and 0 interrupted iterations
measured   [  45% ] 000/020 VUs  0m26.8s/1m0s  20.00 iters/s

running (0m27.9s), 000/020 VUs, 557 complete and 0 interrupted iterations
measured   [  46% ] 000/020 VUs  0m27.8s/1m0s  20.00 iters/s

running (0m28.9s), 000/020 VUs, 577 complete and 0 interrupted iterations
measured   [  48% ] 000/020 VUs  0m28.8s/1m0s  20.00 iters/s

running (0m29.9s), 000/020 VUs, 597 complete and 0 interrupted iterations
measured   [  50% ] 000/020 VUs  0m29.8s/1m0s  20.00 iters/s

running (0m30.9s), 000/020 VUs, 617 complete and 0 interrupted iterations
measured   [  51% ] 000/020 VUs  0m30.8s/1m0s  20.00 iters/s

running (0m31.9s), 000/020 VUs, 637 complete and 0 interrupted iterations
measured   [  53% ] 000/020 VUs  0m31.8s/1m0s  20.00 iters/s

running (0m32.9s), 000/020 VUs, 657 complete and 0 interrupted iterations
measured   [  55% ] 000/020 VUs  0m32.8s/1m0s  20.00 iters/s

running (0m33.9s), 000/020 VUs, 677 complete and 0 interrupted iterations
measured   [  56% ] 000/020 VUs  0m33.8s/1m0s  20.00 iters/s

running (0m34.9s), 000/020 VUs, 697 complete and 0 interrupted iterations
measured   [  58% ] 000/020 VUs  0m34.8s/1m0s  20.00 iters/s

running (0m35.9s), 000/020 VUs, 717 complete and 0 interrupted iterations
measured   [  60% ] 000/020 VUs  0m35.8s/1m0s  20.00 iters/s

running (0m36.9s), 000/020 VUs, 737 complete and 0 interrupted iterations
measured   [  61% ] 000/020 VUs  0m36.8s/1m0s  20.00 iters/s

running (0m37.9s), 000/020 VUs, 757 complete and 0 interrupted iterations
measured   [  63% ] 000/020 VUs  0m37.8s/1m0s  20.00 iters/s

running (0m38.9s), 000/020 VUs, 777 complete and 0 interrupted iterations
measured   [  65% ] 000/020 VUs  0m38.8s/1m0s  20.00 iters/s

running (0m39.9s), 000/020 VUs, 797 complete and 0 interrupted iterations
measured   [  66% ] 000/020 VUs  0m39.8s/1m0s  20.00 iters/s

running (0m40.9s), 000/020 VUs, 817 complete and 0 interrupted iterations
measured   [  68% ] 000/020 VUs  0m40.8s/1m0s  20.00 iters/s

running (0m41.9s), 000/020 VUs, 837 complete and 0 interrupted iterations
measured   [  70% ] 000/020 VUs  0m41.8s/1m0s  20.00 iters/s

running (0m42.9s), 000/020 VUs, 857 complete and 0 interrupted iterations
measured   [  71% ] 000/020 VUs  0m42.8s/1m0s  20.00 iters/s

running (0m43.9s), 000/020 VUs, 877 complete and 0 interrupted iterations
measured   [  73% ] 000/020 VUs  0m43.8s/1m0s  20.00 iters/s

running (0m44.9s), 000/020 VUs, 897 complete and 0 interrupted iterations
measured   [  75% ] 000/020 VUs  0m44.8s/1m0s  20.00 iters/s

running (0m45.9s), 000/020 VUs, 917 complete and 0 interrupted iterations
measured   [  76% ] 000/020 VUs  0m45.8s/1m0s  20.00 iters/s

running (0m46.9s), 000/020 VUs, 937 complete and 0 interrupted iterations
measured   [  78% ] 000/020 VUs  0m46.8s/1m0s  20.00 iters/s

running (0m47.9s), 000/020 VUs, 957 complete and 0 interrupted iterations
measured   [  80% ] 000/020 VUs  0m47.8s/1m0s  20.00 iters/s

running (0m48.9s), 000/020 VUs, 977 complete and 0 interrupted iterations
measured   [  81% ] 000/020 VUs  0m48.8s/1m0s  20.00 iters/s

running (0m49.9s), 000/020 VUs, 997 complete and 0 interrupted iterations
measured   [  83% ] 000/020 VUs  0m49.8s/1m0s  20.00 iters/s

running (0m50.9s), 000/020 VUs, 1017 complete and 0 interrupted iterations
measured   [  85% ] 000/020 VUs  0m50.8s/1m0s  20.00 iters/s

running (0m51.9s), 001/020 VUs, 1036 complete and 0 interrupted iterations
measured   [  86% ] 001/020 VUs  0m51.8s/1m0s  20.00 iters/s

running (0m52.9s), 000/020 VUs, 1057 complete and 0 interrupted iterations
measured   [  88% ] 000/020 VUs  0m52.8s/1m0s  20.00 iters/s

running (0m53.9s), 000/020 VUs, 1077 complete and 0 interrupted iterations
measured   [  90% ] 000/020 VUs  0m53.8s/1m0s  20.00 iters/s

running (0m54.9s), 000/020 VUs, 1097 complete and 0 interrupted iterations
measured   [  91% ] 000/020 VUs  0m54.8s/1m0s  20.00 iters/s

running (0m55.9s), 000/020 VUs, 1117 complete and 0 interrupted iterations
measured   [  93% ] 000/020 VUs  0m55.8s/1m0s  20.00 iters/s

running (0m56.9s), 000/020 VUs, 1137 complete and 0 interrupted iterations
measured   [  95% ] 000/020 VUs  0m56.8s/1m0s  20.00 iters/s

running (0m57.9s), 000/020 VUs, 1157 complete and 0 interrupted iterations
measured   [  96% ] 000/020 VUs  0m57.8s/1m0s  20.00 iters/s

running (0m58.9s), 000/020 VUs, 1177 complete and 0 interrupted iterations
measured   [  98% ] 000/020 VUs  0m58.8s/1m0s  20.00 iters/s

running (0m59.9s), 000/020 VUs, 1197 complete and 0 interrupted iterations
measured   [ 100% ] 000/020 VUs  0m59.8s/1m0s  20.00 iters/s
cache-off rep 2 (BA): 1201 requests, med 4.53 ms, p95 14.90 ms, 0 failed checks, 0 dropped iterations

running (1m00.0s), 000/020 VUs, 1201 complete and 0 interrupted iterations
measured ✓ [ 100% ] 000/020 VUs  1m0s  20.00 iters/s
