
         /\      Grafana   /‾‾/  
    /\  /  \     |\  __   /  /   
   /  \/    \    | |/ /  /   ‾‾\ 
  /          \   |   (  |  (‾)  |
 / __________ \  |_|\_\  \_____/ 


     execution: local
        script: C:\Users\hiday\source\GithubRepos\dotnet-data-performance-lab\experiments\k6\product-detail.js
        output: json (C:\Users\hiday\source\GithubRepos\dotnet-data-performance-lab\results\published\20260911\q3-cache\runs\3-AB-cache-off.raw.json)

     scenarios: (100.00%) 1 scenario, 100 max VUs, 1m30s max duration (incl. graceful stop):
              * measured: 20.00 iterations/s for 1m0s (maxVUs: 20-100, gracefulStop: 30s)


running (0m00.8s), 000/020 VUs, 16 complete and 0 interrupted iterations
measured   [   1% ] 000/020 VUs  0m00.8s/1m0s  20.00 iters/s

running (0m01.8s), 000/020 VUs, 36 complete and 0 interrupted iterations
measured   [   3% ] 000/020 VUs  0m01.8s/1m0s  20.00 iters/s

running (0m02.8s), 000/020 VUs, 56 complete and 0 interrupted iterations
measured   [   5% ] 000/020 VUs  0m02.8s/1m0s  20.00 iters/s

running (0m03.8s), 000/020 VUs, 76 complete and 0 interrupted iterations
measured   [   6% ] 000/020 VUs  0m03.8s/1m0s  20.00 iters/s

running (0m04.8s), 000/020 VUs, 96 complete and 0 interrupted iterations
measured   [   8% ] 000/020 VUs  0m04.8s/1m0s  20.00 iters/s

running (0m05.8s), 000/020 VUs, 116 complete and 0 interrupted iterations
measured   [  10% ] 000/020 VUs  0m05.8s/1m0s  20.00 iters/s

running (0m06.8s), 000/020 VUs, 136 complete and 0 interrupted iterations
measured   [  11% ] 000/020 VUs  0m06.8s/1m0s  20.00 iters/s

running (0m07.8s), 000/020 VUs, 156 complete and 0 interrupted iterations
measured   [  13% ] 000/020 VUs  0m07.8s/1m0s  20.00 iters/s

running (0m08.8s), 000/020 VUs, 176 complete and 0 interrupted iterations
measured   [  15% ] 000/020 VUs  0m08.8s/1m0s  20.00 iters/s

running (0m09.8s), 000/020 VUs, 196 complete and 0 interrupted iterations
measured   [  16% ] 000/020 VUs  0m09.8s/1m0s  20.00 iters/s

running (0m10.8s), 000/020 VUs, 216 complete and 0 interrupted iterations
measured   [  18% ] 000/020 VUs  0m10.8s/1m0s  20.00 iters/s

running (0m11.8s), 000/020 VUs, 236 complete and 0 interrupted iterations
measured   [  20% ] 000/020 VUs  0m11.8s/1m0s  20.00 iters/s

running (0m12.8s), 000/020 VUs, 256 complete and 0 interrupted iterations
measured   [  21% ] 000/020 VUs  0m12.8s/1m0s  20.00 iters/s

running (0m13.8s), 000/020 VUs, 276 complete and 0 interrupted iterations
measured   [  23% ] 000/020 VUs  0m13.8s/1m0s  20.00 iters/s

running (0m14.8s), 000/020 VUs, 296 complete and 0 interrupted iterations
measured   [  25% ] 000/020 VUs  0m14.8s/1m0s  20.00 iters/s

running (0m15.8s), 000/020 VUs, 316 complete and 0 interrupted iterations
measured   [  26% ] 000/020 VUs  0m15.8s/1m0s  20.00 iters/s

running (0m16.8s), 000/020 VUs, 336 complete and 0 interrupted iterations
measured   [  28% ] 000/020 VUs  0m16.8s/1m0s  20.00 iters/s

running (0m17.8s), 000/020 VUs, 356 complete and 0 interrupted iterations
measured   [  30% ] 000/020 VUs  0m17.8s/1m0s  20.00 iters/s

running (0m18.8s), 000/020 VUs, 376 complete and 0 interrupted iterations
measured   [  31% ] 000/020 VUs  0m18.8s/1m0s  20.00 iters/s

running (0m19.8s), 000/020 VUs, 396 complete and 0 interrupted iterations
measured   [  33% ] 000/020 VUs  0m19.8s/1m0s  20.00 iters/s

running (0m20.8s), 000/020 VUs, 416 complete and 0 interrupted iterations
measured   [  35% ] 000/020 VUs  0m20.8s/1m0s  20.00 iters/s

running (0m21.8s), 000/020 VUs, 436 complete and 0 interrupted iterations
measured   [  36% ] 000/020 VUs  0m21.8s/1m0s  20.00 iters/s

running (0m22.8s), 000/020 VUs, 456 complete and 0 interrupted iterations
measured   [  38% ] 000/020 VUs  0m22.8s/1m0s  20.00 iters/s

running (0m23.8s), 000/020 VUs, 476 complete and 0 interrupted iterations
measured   [  40% ] 000/020 VUs  0m23.8s/1m0s  20.00 iters/s

running (0m24.8s), 000/020 VUs, 496 complete and 0 interrupted iterations
measured   [  41% ] 000/020 VUs  0m24.8s/1m0s  20.00 iters/s

running (0m25.8s), 000/020 VUs, 516 complete and 0 interrupted iterations
measured   [  43% ] 000/020 VUs  0m25.8s/1m0s  20.00 iters/s

running (0m26.8s), 000/020 VUs, 536 complete and 0 interrupted iterations
measured   [  45% ] 000/020 VUs  0m26.8s/1m0s  20.00 iters/s

running (0m27.8s), 000/020 VUs, 556 complete and 0 interrupted iterations
measured   [  46% ] 000/020 VUs  0m27.8s/1m0s  20.00 iters/s

running (0m28.8s), 000/020 VUs, 576 complete and 0 interrupted iterations
measured   [  48% ] 000/020 VUs  0m28.8s/1m0s  20.00 iters/s

running (0m29.8s), 000/020 VUs, 596 complete and 0 interrupted iterations
measured   [  50% ] 000/020 VUs  0m29.8s/1m0s  20.00 iters/s

running (0m30.8s), 000/020 VUs, 616 complete and 0 interrupted iterations
measured   [  51% ] 000/020 VUs  0m30.8s/1m0s  20.00 iters/s

running (0m31.8s), 000/020 VUs, 636 complete and 0 interrupted iterations
measured   [  53% ] 000/020 VUs  0m31.8s/1m0s  20.00 iters/s

running (0m32.8s), 000/020 VUs, 656 complete and 0 interrupted iterations
measured   [  55% ] 000/020 VUs  0m32.8s/1m0s  20.00 iters/s

running (0m33.8s), 000/020 VUs, 676 complete and 0 interrupted iterations
measured   [  56% ] 000/020 VUs  0m33.8s/1m0s  20.00 iters/s

running (0m34.8s), 000/020 VUs, 696 complete and 0 interrupted iterations
measured   [  58% ] 000/020 VUs  0m34.8s/1m0s  20.00 iters/s

running (0m35.8s), 000/020 VUs, 716 complete and 0 interrupted iterations
measured   [  60% ] 000/020 VUs  0m35.8s/1m0s  20.00 iters/s

running (0m36.8s), 000/020 VUs, 736 complete and 0 interrupted iterations
measured   [  61% ] 000/020 VUs  0m36.8s/1m0s  20.00 iters/s

running (0m37.8s), 000/020 VUs, 756 complete and 0 interrupted iterations
measured   [  63% ] 000/020 VUs  0m37.8s/1m0s  20.00 iters/s

running (0m38.8s), 000/020 VUs, 776 complete and 0 interrupted iterations
measured   [  65% ] 000/020 VUs  0m38.8s/1m0s  20.00 iters/s

running (0m39.8s), 000/020 VUs, 796 complete and 0 interrupted iterations
measured   [  66% ] 000/020 VUs  0m39.8s/1m0s  20.00 iters/s

running (0m40.8s), 000/020 VUs, 816 complete and 0 interrupted iterations
measured   [  68% ] 000/020 VUs  0m40.8s/1m0s  20.00 iters/s

running (0m41.8s), 000/020 VUs, 836 complete and 0 interrupted iterations
measured   [  70% ] 000/020 VUs  0m41.8s/1m0s  20.00 iters/s

running (0m42.8s), 000/020 VUs, 856 complete and 0 interrupted iterations
measured   [  71% ] 000/020 VUs  0m42.8s/1m0s  20.00 iters/s

running (0m43.8s), 000/020 VUs, 876 complete and 0 interrupted iterations
measured   [  73% ] 000/020 VUs  0m43.8s/1m0s  20.00 iters/s

running (0m44.8s), 000/020 VUs, 896 complete and 0 interrupted iterations
measured   [  75% ] 000/020 VUs  0m44.8s/1m0s  20.00 iters/s

running (0m45.8s), 000/020 VUs, 916 complete and 0 interrupted iterations
measured   [  76% ] 000/020 VUs  0m45.8s/1m0s  20.00 iters/s

running (0m46.8s), 000/020 VUs, 936 complete and 0 interrupted iterations
measured   [  78% ] 000/020 VUs  0m46.8s/1m0s  20.00 iters/s

running (0m47.8s), 000/020 VUs, 956 complete and 0 interrupted iterations
measured   [  80% ] 000/020 VUs  0m47.8s/1m0s  20.00 iters/s

running (0m48.8s), 000/020 VUs, 976 complete and 0 interrupted iterations
measured   [  81% ] 000/020 VUs  0m48.8s/1m0s  20.00 iters/s

running (0m49.8s), 000/020 VUs, 996 complete and 0 interrupted iterations
measured   [  83% ] 000/020 VUs  0m49.8s/1m0s  20.00 iters/s

running (0m50.8s), 000/020 VUs, 1016 complete and 0 interrupted iterations
measured   [  85% ] 000/020 VUs  0m50.8s/1m0s  20.00 iters/s

running (0m51.8s), 000/020 VUs, 1036 complete and 0 interrupted iterations
measured   [  86% ] 000/020 VUs  0m51.8s/1m0s  20.00 iters/s

running (0m52.8s), 000/020 VUs, 1056 complete and 0 interrupted iterations
measured   [  88% ] 000/020 VUs  0m52.8s/1m0s  20.00 iters/s

running (0m53.8s), 000/020 VUs, 1076 complete and 0 interrupted iterations
measured   [  90% ] 000/020 VUs  0m53.8s/1m0s  20.00 iters/s

running (0m54.8s), 000/020 VUs, 1096 complete and 0 interrupted iterations
measured   [  91% ] 000/020 VUs  0m54.8s/1m0s  20.00 iters/s

running (0m55.8s), 000/020 VUs, 1116 complete and 0 interrupted iterations
measured   [  93% ] 000/020 VUs  0m55.8s/1m0s  20.00 iters/s

running (0m56.8s), 000/020 VUs, 1136 complete and 0 interrupted iterations
measured   [  95% ] 000/020 VUs  0m56.8s/1m0s  20.00 iters/s

running (0m57.8s), 000/020 VUs, 1156 complete and 0 interrupted iterations
measured   [  96% ] 000/020 VUs  0m57.8s/1m0s  20.00 iters/s

running (0m58.8s), 000/020 VUs, 1176 complete and 0 interrupted iterations
measured   [  98% ] 000/020 VUs  0m58.8s/1m0s  20.00 iters/s

running (0m59.8s), 000/020 VUs, 1196 complete and 0 interrupted iterations
measured   [ 100% ] 000/020 VUs  0m59.8s/1m0s  20.00 iters/s
cache-off rep 3 (AB): 1201 requests, med 3.50 ms, p95 11.50 ms, 0 failed checks, 0 dropped iterations

running (1m00.0s), 000/020 VUs, 1201 complete and 0 interrupted iterations
measured ✓ [ 100% ] 000/020 VUs  1m0s  20.00 iters/s
