
         /\      Grafana   /‾‾/  
    /\  /  \     |\  __   /  /   
   /  \/    \    | |/ /  /   ‾‾\ 
  /          \   |   (  |  (‾)  |
 / __________ \  |_|\_\  \_____/ 


     execution: local
        script: C:\Users\hiday\source\GithubRepos\dotnet-data-performance-lab\experiments\k6\warmup.js
        output: -

     scenarios: (100.00%) 2 scenarios, 110 max VUs, 1m20s max duration (incl. graceful stop):
              * preload: 1000 iterations shared among 10 VUs (maxDuration: 20s, gracefulStop: 30s)
              * settle: 20.00 iterations/s for 30s (maxVUs: 20-100, startTime: 20s, gracefulStop: 30s)


running (0m01.0s), 010/030 VUs, 782 complete and 0 interrupted iterations
preload   [  78% ] 10 VUs   01.0s/20s  0782/1000 shared iters
settle  • [   0% ] waiting  19.0s     

running (0m02.0s), 000/030 VUs, 1000 complete and 0 interrupted iterations
preload ✓ [ 100% ] 10 VUs   01.3s/20s  1000/1000 shared iters
settle  • [   0% ] waiting  18.0s     

running (0m03.0s), 000/030 VUs, 1000 complete and 0 interrupted iterations
preload ✓ [ 100% ] 10 VUs   01.3s/20s  1000/1000 shared iters
settle  • [   0% ] waiting  17.0s     

running (0m04.0s), 000/030 VUs, 1000 complete and 0 interrupted iterations
preload ✓ [ 100% ] 10 VUs   01.3s/20s  1000/1000 shared iters
settle  • [   0% ] waiting  16.0s     

running (0m05.0s), 000/030 VUs, 1000 complete and 0 interrupted iterations
preload ✓ [ 100% ] 10 VUs   01.3s/20s  1000/1000 shared iters
settle  • [   0% ] waiting  15.0s     

running (0m06.0s), 000/030 VUs, 1000 complete and 0 interrupted iterations
preload ✓ [ 100% ] 10 VUs   01.3s/20s  1000/1000 shared iters
settle  • [   0% ] waiting  14.0s     

running (0m07.0s), 000/030 VUs, 1000 complete and 0 interrupted iterations
preload ✓ [ 100% ] 10 VUs   01.3s/20s  1000/1000 shared iters
settle  • [   0% ] waiting  13.0s     

running (0m08.0s), 000/030 VUs, 1000 complete and 0 interrupted iterations
preload ✓ [ 100% ] 10 VUs   01.3s/20s  1000/1000 shared iters
settle  • [   0% ] waiting  12.0s     

running (0m09.0s), 000/030 VUs, 1000 complete and 0 interrupted iterations
preload ✓ [ 100% ] 10 VUs   01.3s/20s  1000/1000 shared iters
settle  • [   0% ] waiting  11.0s     

running (0m10.0s), 000/030 VUs, 1000 complete and 0 interrupted iterations
preload ✓ [ 100% ] 10 VUs   01.3s/20s  1000/1000 shared iters
settle  • [   0% ] waiting  10.0s     

running (0m11.0s), 000/030 VUs, 1000 complete and 0 interrupted iterations
preload ✓ [ 100% ] 10 VUs   01.3s/20s  1000/1000 shared iters
settle  • [   0% ] waiting  09.0s     

running (0m12.0s), 000/030 VUs, 1000 complete and 0 interrupted iterations
preload ✓ [ 100% ] 10 VUs   01.3s/20s  1000/1000 shared iters
settle  • [   0% ] waiting  08.0s     

running (0m13.0s), 000/030 VUs, 1000 complete and 0 interrupted iterations
preload ✓ [ 100% ] 10 VUs   01.3s/20s  1000/1000 shared iters
settle  • [   0% ] waiting  07.0s     

running (0m14.0s), 000/030 VUs, 1000 complete and 0 interrupted iterations
preload ✓ [ 100% ] 10 VUs   01.3s/20s  1000/1000 shared iters
settle  • [   0% ] waiting  06.0s     

running (0m15.0s), 000/030 VUs, 1000 complete and 0 interrupted iterations
preload ✓ [ 100% ] 10 VUs   01.3s/20s  1000/1000 shared iters
settle  • [   0% ] waiting  05.0s     

running (0m16.0s), 000/030 VUs, 1000 complete and 0 interrupted iterations
preload ✓ [ 100% ] 10 VUs   01.3s/20s  1000/1000 shared iters
settle  • [   0% ] waiting  04.0s     

running (0m17.0s), 000/030 VUs, 1000 complete and 0 interrupted iterations
preload ✓ [ 100% ] 10 VUs   01.3s/20s  1000/1000 shared iters
settle  • [   0% ] waiting  03.0s     

running (0m18.0s), 000/030 VUs, 1000 complete and 0 interrupted iterations
preload ✓ [ 100% ] 10 VUs   01.3s/20s  1000/1000 shared iters
settle  • [   0% ] waiting  02.0s     

running (0m19.0s), 000/030 VUs, 1000 complete and 0 interrupted iterations
preload ✓ [ 100% ] 10 VUs   01.3s/20s  1000/1000 shared iters
settle  • [   0% ] waiting  01.0s     

running (0m20.0s), 000/030 VUs, 1000 complete and 0 interrupted iterations
preload ✓ [ 100% ] 10 VUs   01.3s/20s  1000/1000 shared iters
settle  • [   0% ] waiting  00.0s     

running (0m21.0s), 000/030 VUs, 1020 complete and 0 interrupted iterations
preload ✓ [ 100% ] 10 VUs       01.3s/20s  1000/1000 shared iters
settle    [   3% ] 000/020 VUs  01.0s/30s  20.00 iters/s

running (0m22.0s), 000/030 VUs, 1040 complete and 0 interrupted iterations
preload ✓ [ 100% ] 10 VUs       01.3s/20s  1000/1000 shared iters
settle    [   7% ] 000/020 VUs  02.0s/30s  20.00 iters/s

running (0m23.0s), 000/030 VUs, 1060 complete and 0 interrupted iterations
preload ✓ [ 100% ] 10 VUs       01.3s/20s  1000/1000 shared iters
settle    [  10% ] 000/020 VUs  03.0s/30s  20.00 iters/s

running (0m24.0s), 000/030 VUs, 1080 complete and 0 interrupted iterations
preload ✓ [ 100% ] 10 VUs       01.3s/20s  1000/1000 shared iters
settle    [  13% ] 000/020 VUs  04.0s/30s  20.00 iters/s

running (0m25.0s), 000/030 VUs, 1100 complete and 0 interrupted iterations
preload ✓ [ 100% ] 10 VUs       01.3s/20s  1000/1000 shared iters
settle    [  17% ] 000/020 VUs  05.0s/30s  20.00 iters/s

running (0m26.0s), 000/030 VUs, 1120 complete and 0 interrupted iterations
preload ✓ [ 100% ] 10 VUs       01.3s/20s  1000/1000 shared iters
settle    [  20% ] 000/020 VUs  06.0s/30s  20.00 iters/s

running (0m27.0s), 000/030 VUs, 1140 complete and 0 interrupted iterations
preload ✓ [ 100% ] 10 VUs       01.3s/20s  1000/1000 shared iters
settle    [  23% ] 000/020 VUs  07.0s/30s  20.00 iters/s

running (0m28.0s), 000/030 VUs, 1160 complete and 0 interrupted iterations
preload ✓ [ 100% ] 10 VUs       01.3s/20s  1000/1000 shared iters
settle    [  27% ] 000/020 VUs  08.0s/30s  20.00 iters/s

running (0m29.0s), 000/030 VUs, 1180 complete and 0 interrupted iterations
preload ✓ [ 100% ] 10 VUs       01.3s/20s  1000/1000 shared iters
settle    [  30% ] 000/020 VUs  09.0s/30s  20.00 iters/s

running (0m30.0s), 000/030 VUs, 1200 complete and 0 interrupted iterations
preload ✓ [ 100% ] 10 VUs       01.3s/20s  1000/1000 shared iters
settle    [  33% ] 000/020 VUs  10.0s/30s  20.00 iters/s

running (0m31.0s), 000/030 VUs, 1220 complete and 0 interrupted iterations
preload ✓ [ 100% ] 10 VUs       01.3s/20s  1000/1000 shared iters
settle    [  37% ] 000/020 VUs  11.0s/30s  20.00 iters/s

running (0m32.0s), 000/030 VUs, 1240 complete and 0 interrupted iterations
preload ✓ [ 100% ] 10 VUs       01.3s/20s  1000/1000 shared iters
settle    [  40% ] 000/020 VUs  12.0s/30s  20.00 iters/s

running (0m33.0s), 000/030 VUs, 1260 complete and 0 interrupted iterations
preload ✓ [ 100% ] 10 VUs       01.3s/20s  1000/1000 shared iters
settle    [  43% ] 000/020 VUs  13.0s/30s  20.00 iters/s

running (0m34.0s), 000/030 VUs, 1280 complete and 0 interrupted iterations
preload ✓ [ 100% ] 10 VUs       01.3s/20s  1000/1000 shared iters
settle    [  47% ] 000/020 VUs  14.0s/30s  20.00 iters/s

running (0m35.0s), 000/030 VUs, 1300 complete and 0 interrupted iterations
preload ✓ [ 100% ] 10 VUs       01.3s/20s  1000/1000 shared iters
settle    [  50% ] 000/020 VUs  15.0s/30s  20.00 iters/s

running (0m36.0s), 000/030 VUs, 1320 complete and 0 interrupted iterations
preload ✓ [ 100% ] 10 VUs       01.3s/20s  1000/1000 shared iters
settle    [  53% ] 000/020 VUs  16.0s/30s  20.00 iters/s

running (0m37.0s), 000/030 VUs, 1340 complete and 0 interrupted iterations
preload ✓ [ 100% ] 10 VUs       01.3s/20s  1000/1000 shared iters
settle    [  57% ] 000/020 VUs  17.0s/30s  20.00 iters/s

running (0m38.0s), 000/030 VUs, 1360 complete and 0 interrupted iterations
preload ✓ [ 100% ] 10 VUs       01.3s/20s  1000/1000 shared iters
settle    [  60% ] 000/020 VUs  18.0s/30s  20.00 iters/s

running (0m39.0s), 000/030 VUs, 1380 complete and 0 interrupted iterations
preload ✓ [ 100% ] 10 VUs       01.3s/20s  1000/1000 shared iters
settle    [  63% ] 000/020 VUs  19.0s/30s  20.00 iters/s

running (0m40.0s), 000/030 VUs, 1400 complete and 0 interrupted iterations
preload ✓ [ 100% ] 10 VUs       01.3s/20s  1000/1000 shared iters
settle    [  67% ] 000/020 VUs  20.0s/30s  20.00 iters/s

running (0m41.0s), 000/030 VUs, 1420 complete and 0 interrupted iterations
preload ✓ [ 100% ] 10 VUs       01.3s/20s  1000/1000 shared iters
settle    [  70% ] 000/020 VUs  21.0s/30s  20.00 iters/s

running (0m42.0s), 000/030 VUs, 1440 complete and 0 interrupted iterations
preload ✓ [ 100% ] 10 VUs       01.3s/20s  1000/1000 shared iters
settle    [  73% ] 000/020 VUs  22.0s/30s  20.00 iters/s

running (0m43.0s), 000/030 VUs, 1460 complete and 0 interrupted iterations
preload ✓ [ 100% ] 10 VUs       01.3s/20s  1000/1000 shared iters
settle    [  77% ] 000/020 VUs  23.0s/30s  20.00 iters/s

running (0m44.0s), 000/030 VUs, 1480 complete and 0 interrupted iterations
preload ✓ [ 100% ] 10 VUs       01.3s/20s  1000/1000 shared iters
settle    [  80% ] 000/020 VUs  24.0s/30s  20.00 iters/s

running (0m45.0s), 000/030 VUs, 1500 complete and 0 interrupted iterations
preload ✓ [ 100% ] 10 VUs       01.3s/20s  1000/1000 shared iters
settle    [  83% ] 000/020 VUs  25.0s/30s  20.00 iters/s

running (0m46.0s), 000/030 VUs, 1520 complete and 0 interrupted iterations
preload ✓ [ 100% ] 10 VUs       01.3s/20s  1000/1000 shared iters
settle    [  87% ] 000/020 VUs  26.0s/30s  20.00 iters/s

running (0m47.0s), 000/030 VUs, 1540 complete and 0 interrupted iterations
preload ✓ [ 100% ] 10 VUs       01.3s/20s  1000/1000 shared iters
settle    [  90% ] 000/020 VUs  27.0s/30s  20.00 iters/s

running (0m48.0s), 000/030 VUs, 1560 complete and 0 interrupted iterations
preload ✓ [ 100% ] 10 VUs       01.3s/20s  1000/1000 shared iters
settle    [  93% ] 000/020 VUs  28.0s/30s  20.00 iters/s

running (0m49.0s), 000/030 VUs, 1580 complete and 0 interrupted iterations
preload ✓ [ 100% ] 10 VUs       01.3s/20s  1000/1000 shared iters
settle    [  97% ] 000/020 VUs  29.0s/30s  20.00 iters/s

running (0m50.0s), 000/030 VUs, 1600 complete and 0 interrupted iterations
preload ✓ [ 100% ] 10 VUs       01.3s/20s  1000/1000 shared iters
settle    [ 100% ] 000/020 VUs  30.0s/30s  20.00 iters/s
warmup complete: 1000 SKUs preloaded, settled 30s at 20/s

running (0m50.0s), 000/030 VUs, 1600 complete and 0 interrupted iterations
preload ✓ [ 100% ] 10 VUs       01.3s/20s  1000/1000 shared iters
settle  ✓ [ 100% ] 000/020 VUs  30s        20.00 iters/s
