
         /\      Grafana   /‾‾/  
    /\  /  \     |\  __   /  /   
   /  \/    \    | |/ /  /   ‾‾\ 
  /          \   |   (  |  (‾)  |
 / __________ \  |_|\_\  \_____/ 


     execution: local
        script: experiments/k6/product-detail.js
        output: json (results/local/q3-publish/runs/2-BA-cache-off.raw.json)

     scenarios: (100.00%) 1 scenario, 100 max VUs, 1m30s max duration (incl. graceful stop):
              * measured: 20.00 iterations/s for 1m0s (maxVUs: 20-100, gracefulStop: 30s)


running (0m00.4s), 000/020 VUs, 6 complete and 0 interrupted iterations
measured   [   0% ] 000/020 VUs  0m00.3s/1m0s  20.00 iters/s

running (0m01.4s), 000/020 VUs, 26 complete and 0 interrupted iterations
measured   [   2% ] 000/020 VUs  0m01.3s/1m0s  20.00 iters/s

running (0m02.4s), 000/020 VUs, 46 complete and 0 interrupted iterations
measured   [   4% ] 000/020 VUs  0m02.3s/1m0s  20.00 iters/s

running (0m03.4s), 000/020 VUs, 66 complete and 0 interrupted iterations
measured   [   5% ] 000/020 VUs  0m03.3s/1m0s  20.00 iters/s

running (0m04.4s), 000/020 VUs, 86 complete and 0 interrupted iterations
measured   [   7% ] 000/020 VUs  0m04.3s/1m0s  20.00 iters/s

running (0m05.4s), 000/020 VUs, 106 complete and 0 interrupted iterations
measured   [   9% ] 000/020 VUs  0m05.3s/1m0s  20.00 iters/s

running (0m06.4s), 000/020 VUs, 126 complete and 0 interrupted iterations
measured   [  10% ] 000/020 VUs  0m06.3s/1m0s  20.00 iters/s

running (0m07.4s), 000/020 VUs, 146 complete and 0 interrupted iterations
measured   [  12% ] 000/020 VUs  0m07.3s/1m0s  20.00 iters/s

running (0m08.4s), 000/020 VUs, 166 complete and 0 interrupted iterations
measured   [  14% ] 000/020 VUs  0m08.3s/1m0s  20.00 iters/s

running (0m09.4s), 000/020 VUs, 186 complete and 0 interrupted iterations
measured   [  15% ] 000/020 VUs  0m09.3s/1m0s  20.00 iters/s

running (0m10.4s), 000/020 VUs, 206 complete and 0 interrupted iterations
measured   [  17% ] 000/020 VUs  0m10.3s/1m0s  20.00 iters/s

running (0m11.4s), 000/020 VUs, 226 complete and 0 interrupted iterations
measured   [  19% ] 000/020 VUs  0m11.3s/1m0s  20.00 iters/s

running (0m12.4s), 000/020 VUs, 246 complete and 0 interrupted iterations
measured   [  20% ] 000/020 VUs  0m12.3s/1m0s  20.00 iters/s

running (0m13.4s), 000/020 VUs, 266 complete and 0 interrupted iterations
measured   [  22% ] 000/020 VUs  0m13.3s/1m0s  20.00 iters/s

running (0m14.4s), 000/020 VUs, 286 complete and 0 interrupted iterations
measured   [  24% ] 000/020 VUs  0m14.3s/1m0s  20.00 iters/s

running (0m15.4s), 000/020 VUs, 306 complete and 0 interrupted iterations
measured   [  25% ] 000/020 VUs  0m15.3s/1m0s  20.00 iters/s

running (0m16.4s), 000/020 VUs, 326 complete and 0 interrupted iterations
measured   [  27% ] 000/020 VUs  0m16.3s/1m0s  20.00 iters/s

running (0m17.4s), 000/020 VUs, 346 complete and 0 interrupted iterations
measured   [  29% ] 000/020 VUs  0m17.3s/1m0s  20.00 iters/s

running (0m18.4s), 000/020 VUs, 366 complete and 0 interrupted iterations
measured   [  30% ] 000/020 VUs  0m18.3s/1m0s  20.00 iters/s

running (0m19.4s), 000/020 VUs, 386 complete and 0 interrupted iterations
measured   [  32% ] 000/020 VUs  0m19.3s/1m0s  20.00 iters/s

running (0m20.4s), 000/020 VUs, 406 complete and 0 interrupted iterations
measured   [  34% ] 000/020 VUs  0m20.3s/1m0s  20.00 iters/s

running (0m21.4s), 000/020 VUs, 426 complete and 0 interrupted iterations
measured   [  35% ] 000/020 VUs  0m21.3s/1m0s  20.00 iters/s

running (0m22.4s), 000/020 VUs, 446 complete and 0 interrupted iterations
measured   [  37% ] 000/020 VUs  0m22.3s/1m0s  20.00 iters/s

running (0m23.4s), 000/020 VUs, 466 complete and 0 interrupted iterations
measured   [  39% ] 000/020 VUs  0m23.3s/1m0s  20.00 iters/s

running (0m24.4s), 000/020 VUs, 486 complete and 0 interrupted iterations
measured   [  40% ] 000/020 VUs  0m24.3s/1m0s  20.00 iters/s

running (0m25.4s), 000/020 VUs, 506 complete and 0 interrupted iterations
measured   [  42% ] 000/020 VUs  0m25.3s/1m0s  20.00 iters/s

running (0m26.4s), 000/020 VUs, 526 complete and 0 interrupted iterations
measured   [  44% ] 000/020 VUs  0m26.3s/1m0s  20.00 iters/s

running (0m27.4s), 000/020 VUs, 546 complete and 0 interrupted iterations
measured   [  45% ] 000/020 VUs  0m27.3s/1m0s  20.00 iters/s

running (0m28.4s), 000/020 VUs, 566 complete and 0 interrupted iterations
measured   [  47% ] 000/020 VUs  0m28.3s/1m0s  20.00 iters/s

running (0m29.4s), 000/020 VUs, 586 complete and 0 interrupted iterations
measured   [  49% ] 000/020 VUs  0m29.3s/1m0s  20.00 iters/s

running (0m30.4s), 000/020 VUs, 606 complete and 0 interrupted iterations
measured   [  50% ] 000/020 VUs  0m30.3s/1m0s  20.00 iters/s

running (0m31.4s), 000/020 VUs, 626 complete and 0 interrupted iterations
measured   [  52% ] 000/020 VUs  0m31.3s/1m0s  20.00 iters/s

running (0m32.4s), 000/020 VUs, 646 complete and 0 interrupted iterations
measured   [  54% ] 000/020 VUs  0m32.3s/1m0s  20.00 iters/s

running (0m33.4s), 000/020 VUs, 666 complete and 0 interrupted iterations
measured   [  55% ] 000/020 VUs  0m33.3s/1m0s  20.00 iters/s

running (0m34.4s), 000/020 VUs, 686 complete and 0 interrupted iterations
measured   [  57% ] 000/020 VUs  0m34.3s/1m0s  20.00 iters/s

running (0m35.4s), 000/020 VUs, 706 complete and 0 interrupted iterations
measured   [  59% ] 000/020 VUs  0m35.3s/1m0s  20.00 iters/s

running (0m36.4s), 000/020 VUs, 726 complete and 0 interrupted iterations
measured   [  60% ] 000/020 VUs  0m36.3s/1m0s  20.00 iters/s

running (0m37.4s), 000/020 VUs, 746 complete and 0 interrupted iterations
measured   [  62% ] 000/020 VUs  0m37.3s/1m0s  20.00 iters/s

running (0m38.4s), 000/020 VUs, 766 complete and 0 interrupted iterations
measured   [  64% ] 000/020 VUs  0m38.3s/1m0s  20.00 iters/s

running (0m39.4s), 000/020 VUs, 786 complete and 0 interrupted iterations
measured   [  65% ] 000/020 VUs  0m39.3s/1m0s  20.00 iters/s

running (0m40.4s), 000/020 VUs, 806 complete and 0 interrupted iterations
measured   [  67% ] 000/020 VUs  0m40.3s/1m0s  20.00 iters/s

running (0m41.4s), 000/020 VUs, 826 complete and 0 interrupted iterations
measured   [  69% ] 000/020 VUs  0m41.3s/1m0s  20.00 iters/s

running (0m42.4s), 000/020 VUs, 846 complete and 0 interrupted iterations
measured   [  70% ] 000/020 VUs  0m42.3s/1m0s  20.00 iters/s

running (0m43.4s), 000/020 VUs, 866 complete and 0 interrupted iterations
measured   [  72% ] 000/020 VUs  0m43.3s/1m0s  20.00 iters/s

running (0m44.4s), 000/020 VUs, 886 complete and 0 interrupted iterations
measured   [  74% ] 000/020 VUs  0m44.3s/1m0s  20.00 iters/s

running (0m45.4s), 000/020 VUs, 906 complete and 0 interrupted iterations
measured   [  75% ] 000/020 VUs  0m45.3s/1m0s  20.00 iters/s

running (0m46.4s), 000/020 VUs, 926 complete and 0 interrupted iterations
measured   [  77% ] 000/020 VUs  0m46.3s/1m0s  20.00 iters/s

running (0m47.4s), 000/020 VUs, 946 complete and 0 interrupted iterations
measured   [  79% ] 000/020 VUs  0m47.3s/1m0s  20.00 iters/s

running (0m48.4s), 000/020 VUs, 966 complete and 0 interrupted iterations
measured   [  80% ] 000/020 VUs  0m48.3s/1m0s  20.00 iters/s

running (0m49.4s), 000/020 VUs, 986 complete and 0 interrupted iterations
measured   [  82% ] 000/020 VUs  0m49.3s/1m0s  20.00 iters/s

running (0m50.4s), 000/020 VUs, 1006 complete and 0 interrupted iterations
measured   [  84% ] 000/020 VUs  0m50.3s/1m0s  20.00 iters/s

running (0m51.4s), 000/020 VUs, 1026 complete and 0 interrupted iterations
measured   [  85% ] 000/020 VUs  0m51.3s/1m0s  20.00 iters/s

running (0m52.4s), 000/020 VUs, 1046 complete and 0 interrupted iterations
measured   [  87% ] 000/020 VUs  0m52.3s/1m0s  20.00 iters/s

running (0m53.4s), 000/020 VUs, 1066 complete and 0 interrupted iterations
measured   [  89% ] 000/020 VUs  0m53.3s/1m0s  20.00 iters/s

running (0m54.4s), 000/020 VUs, 1086 complete and 0 interrupted iterations
measured   [  90% ] 000/020 VUs  0m54.3s/1m0s  20.00 iters/s

running (0m55.4s), 000/020 VUs, 1106 complete and 0 interrupted iterations
measured   [  92% ] 000/020 VUs  0m55.3s/1m0s  20.00 iters/s

running (0m56.4s), 000/020 VUs, 1126 complete and 0 interrupted iterations
measured   [  94% ] 000/020 VUs  0m56.3s/1m0s  20.00 iters/s

running (0m57.4s), 000/020 VUs, 1146 complete and 0 interrupted iterations
measured   [  95% ] 000/020 VUs  0m57.3s/1m0s  20.00 iters/s

running (0m58.4s), 000/020 VUs, 1166 complete and 0 interrupted iterations
measured   [  97% ] 000/020 VUs  0m58.3s/1m0s  20.00 iters/s

running (0m59.4s), 000/020 VUs, 1186 complete and 0 interrupted iterations
measured   [  99% ] 000/020 VUs  0m59.3s/1m0s  20.00 iters/s
cache-off rep 2 (BA): 1200 requests, med 3.75 ms, p95 10.98 ms, 0 failed checks, 0 dropped iterations

running (1m00.1s), 000/020 VUs, 1200 complete and 0 interrupted iterations
measured ✓ [ 100% ] 000/020 VUs  1m0s  20.00 iters/s
